// Jest Snapshot v1, https://goo.gl/fbAQLP

exports[`TaskDetails renders correctly 1`] = `
<div
  className="absolute right-0 top-0 bottom-0 w-1/3 bg-white p-8 shadow-lg"
>
  <button
    className="mb-4 border p-2 rounded float-right"
    onClick={[Function]}
  >
    Ã—
  </button>
  <div
    className="font-semibold mt-8 block"
  >
    <label
      className="font-semibold mb-2 block"
      htmlFor="title"
    >
      Task Title
    </label>
    <input
      className="w-full mb-4 p-2 border rounded font-normal"
      onChange={[Function]}
      type="text"
      value="Test Task"
    />
    <label
      className="font-semibold mb-2 block"
      htmlFor="description"
    >
      Description
    </label>
    <textarea
      className="w-full mb-4 p-2 border rounded font-normal"
      onChange={[Function]}
      value="Test Description"
    />
    <label
      className="font-semibold mb-2 block"
      htmlFor="status"
    >
      Status 
    </label>
    <select
      className=" mb-4 p-2 border rounded font-normal"
      onChange={[Function]}
      value="To Do"
    >
      <option
        value="To Do"
      >
        To Do
      </option>
      <option
        value="In Progress"
      >
        In Progress
      </option>
      <option
        value="In Progress"
      >
        In Review
      </option>
      <option
        value="Done"
      >
        Done
      </option>
    </select>
    <div
      className="w-full"
    />
    <button
      className="bg-blue-500 text-white px-4 py-2 rounded hover:bg-blue-600 mr-2"
      onClick={[Function]}
    >
      Update
    </button>
    <button
      className="bg-red-500 text-white px-4 py-2 rounded hover:bg-red-600"
      onClick={[Function]}
    >
      Delete
    </button>
  </div>
</div>
`;
